mode: set
github.com/locallunarsv/bugsloom-identity/database.go:8.44,9.17 1 1
github.com/locallunarsv/bugsloom-identity/database.go:9.17,11.3 1 1
github.com/locallunarsv/bugsloom-identity/database.go:13.2,13.25 1 1
github.com/locallunarsv/bugsloom-identity/database.go:16.37,17.27 1 1
github.com/locallunarsv/bugsloom-identity/database.go:19.11,21.13 2 1
github.com/locallunarsv/bugsloom-identity/database.go:23.14,26.17 2 1
github.com/locallunarsv/bugsloom-identity/database.go:26.17,28.4 1 1
github.com/locallunarsv/bugsloom-identity/database.go:30.3,31.13 2 1
github.com/locallunarsv/bugsloom-identity/database.go:33.14,36.17 2 1
github.com/locallunarsv/bugsloom-identity/database.go:36.17,38.4 1 1
github.com/locallunarsv/bugsloom-identity/database.go:40.3,41.13 2 1
github.com/locallunarsv/bugsloom-identity/database.go:43.10,47.4 1 1
github.com/locallunarsv/bugsloom-identity/generator.go:5.15,9.2 1 1
github.com/locallunarsv/bugsloom-identity/id.go:13.30,15.2 1 1
github.com/locallunarsv/bugsloom-identity/id.go:17.28,19.2 1 1
github.com/locallunarsv/bugsloom-identity/id.go:21.27,23.2 1 1
github.com/locallunarsv/bugsloom-identity/id.go:25.32,27.2 1 1
github.com/locallunarsv/bugsloom-identity/json.go:5.44,7.2 1 1
github.com/locallunarsv/bugsloom-identity/json.go:9.48,12.53 2 1
github.com/locallunarsv/bugsloom-identity/json.go:12.53,14.3 1 1
github.com/locallunarsv/bugsloom-identity/json.go:16.2,18.16 2 1
github.com/locallunarsv/bugsloom-identity/json.go:18.16,20.3 1 1
github.com/locallunarsv/bugsloom-identity/json.go:22.2,24.12 2 1
github.com/locallunarsv/bugsloom-identity/parser.go:5.38,6.17 1 1
github.com/locallunarsv/bugsloom-identity/parser.go:6.17,8.3 1 1
github.com/locallunarsv/bugsloom-identity/parser.go:10.2,12.16 2 1
github.com/locallunarsv/bugsloom-identity/parser.go:12.16,14.3 1 1
github.com/locallunarsv/bugsloom-identity/parser.go:16.2,16.41 1 1
github.com/locallunarsv/bugsloom-identity/parser.go:16.41,18.3 1 1
github.com/locallunarsv/bugsloom-identity/parser.go:20.2,22.8 1 1
github.com/locallunarsv/bugsloom-identity/validation.go:5.39,6.23 1 1
github.com/locallunarsv/bugsloom-identity/validation.go:6.23,8.3 1 1
github.com/locallunarsv/bugsloom-identity/validation.go:10.2,10.12 1 1
